{"timestamp":"2026-07-29T18:04:20Z","level":"warn","message":"[ModuleBoundaryRule] Cross-module violation: module 'Security' is modifying table 'categories' owned by 'Product'.\n  File: Security/017_rls_security_hardening.sql\n  Cross-module schema changes must go through application services or events.","executed_by":"dhanasurya"}
{"timestamp":"2026-07-29T18:04:20Z","level":"warn","message":"[ModuleBoundaryRule] Cross-module violation: module 'Security' is modifying table 'subcategories' owned by 'Product'.\n  File: Security/017_rls_security_hardening.sql\n  Cross-module schema changes must go through application services or events.","executed_by":"dhanasurya"}
{"timestamp":"2026-07-29T18:04:20Z","level":"warn","message":"[ModuleBoundaryRule] Cross-module violation: module 'Security' is modifying table 'products' owned by 'Product'.\n  File: Security/017_rls_security_hardening.sql\n  Cross-module schema changes must go through application services or events.","executed_by":"dhanasurya"}
{"timestamp":"2026-07-29T18:04:20Z","level":"warn","message":"[ModuleBoundaryRule] Cross-module violation: module 'Security' is modifying table 'categories' owned by 'Product'.\n  File: Security/017_rls_security_hardening.sql\n  Cross-module schema changes must go through application services or events.","executed_by":"dhanasurya"}
{"timestamp":"2026-07-29T18:04:20Z","level":"warn","message":"[ModuleBoundaryRule] Cross-module violation: module 'Security' is modifying table 'subcategories' owned by 'Product'.\n  File: Security/017_rls_security_hardening.sql\n  Cross-module schema changes must go through application services or events.","executed_by":"dhanasurya"}
{"timestamp":"2026-07-29T18:04:20Z","level":"warn","message":"[ModuleBoundaryRule] Cross-module violation: module 'Security' is modifying table 'products' owned by 'Product'.\n  File: Security/017_rls_security_hardening.sql\n  Cross-module schema changes must go through application services or events.","executed_by":"dhanasurya"}
{"timestamp":"2026-07-29T18:04:20Z","level":"warn","message":"[ModuleBoundaryRule] Cross-module violation: module 'Security' is modifying table 'product_daily_sales' owned by 'Product'.\n  File: Security/017_rls_security_hardening.sql\n  Cross-module schema changes must go through application services or events.","executed_by":"dhanasurya"}
{"timestamp":"2026-07-29T18:04:20Z","level":"info","message":"Validation complete: 7 rules, 0 error(s), 7 warning(s).","executed_by":"dhanasurya"}
{"timestamp":"2026-07-29T18:04:20Z","level":"info","message":"Validation passed. No issues found.","executed_by":"dhanasurya"}
{"timestamp":"2026-07-29T18:04:20Z","level":"warn","message":"[ModuleBoundaryRule] Cross-module violation: module 'Security' is modifying table 'categories' owned by 'Product'.\n  File: Security/017_rls_security_hardening.sql\n  Cross-module schema changes must go through application services or events.","executed_by":"dhanasurya"}
{"timestamp":"2026-07-29T18:04:20Z","level":"warn","message":"[ModuleBoundaryRule] Cross-module violation: module 'Security' is modifying table 'subcategories' owned by 'Product'.\n  File: Security/017_rls_security_hardening.sql\n  Cross-module schema changes must go through application services or events.","executed_by":"dhanasurya"}
{"timestamp":"2026-07-29T18:04:20Z","level":"warn","message":"[ModuleBoundaryRule] Cross-module violation: module 'Security' is modifying table 'products' owned by 'Product'.\n  File: Security/017_rls_security_hardening.sql\n  Cross-module schema changes must go through application services or events.","executed_by":"dhanasurya"}
{"timestamp":"2026-07-29T18:04:20Z","level":"warn","message":"[ModuleBoundaryRule] Cross-module violation: module 'Security' is modifying table 'categories' owned by 'Product'.\n  File: Security/017_rls_security_hardening.sql\n  Cross-module schema changes must go through application services or events.","executed_by":"dhanasurya"}
{"timestamp":"2026-07-29T18:04:20Z","level":"warn","message":"[ModuleBoundaryRule] Cross-module violation: module 'Security' is modifying table 'subcategories' owned by 'Product'.\n  File: Security/017_rls_security_hardening.sql\n  Cross-module schema changes must go through application services or events.","executed_by":"dhanasurya"}
{"timestamp":"2026-07-29T18:04:20Z","level":"warn","message":"[ModuleBoundaryRule] Cross-module violation: module 'Security' is modifying table 'products' owned by 'Product'.\n  File: Security/017_rls_security_hardening.sql\n  Cross-module schema changes must go through application services or events.","executed_by":"dhanasurya"}
{"timestamp":"2026-07-29T18:04:20Z","level":"warn","message":"[ModuleBoundaryRule] Cross-module violation: module 'Security' is modifying table 'product_daily_sales' owned by 'Product'.\n  File: Security/017_rls_security_hardening.sql\n  Cross-module schema changes must go through application services or events.","executed_by":"dhanasurya"}
{"timestamp":"2026-07-29T18:04:20Z","level":"info","message":"Validation complete: 7 rules, 0 error(s), 7 warning(s).","executed_by":"dhanasurya"}
{"timestamp":"2026-07-29T18:05:52Z","level":"info","message":"Validation passed: 7 rules checked, 0 issues.","executed_by":"dhanasurya"}
{"timestamp":"2026-07-29T18:05:52Z","level":"info","message":"Validation passed. No issues found.","executed_by":"dhanasurya"}
{"timestamp":"2026-07-29T18:05:52Z","level":"info","message":"Validation passed: 7 rules checked, 0 issues.","executed_by":"dhanasurya"}
{"timestamp":"2026-07-30T17:07:12Z","level":"info","message":"Validation passed: 7 rules checked, 0 issues.","executed_by":"dhanasurya"}
{"timestamp":"2026-07-30T17:07:12Z","level":"info","message":"Validation passed. No issues found.","executed_by":"dhanasurya"}
{"timestamp":"2026-07-30T17:07:25Z","level":"info","message":"Validation passed: 7 rules checked, 0 issues.","executed_by":"dhanasurya"}
